
> frontend@0.0.0 test C:\Users\aless\Documents\Projects\heimdall\frontend
> vitest run "Localization.test.tsx" "--run"

pnpm : [33mBoth esbuild and oxc options were set. oxc options will be used and esbuild options will be ignored.[39m
At line:1 char:1
+ pnpm test -- Localization.test.tsx --run > test_output.txt 2>&1
+ ~~~~~~~~~~~~~~~~~~~~~~~~~~~~~~~~~~~~~~~~~~~~~~~~~~~~~~~~~~~~~~~
    + CategoryInfo          : NotSpecified: ([33mBoth esbui...e ignored.[39m:String) [], RemoteException
    + FullyQualifiedErrorId : NativeCommandError
 

[1m[46m RUN [49m[22m [36mv3.2.4 [39m[90mC:/Users/aless/Documents/Projects/heimdall/frontend[39m

(node:30204) ExperimentalWarning: CommonJS module C:\Users\aless\Documents\Projects\heimdall\frontend\node_modules\jsdom\lib\jsdom\browser\parser\html.js is loading ES Module 
C:\Users\aless\Documents\Projects\heimdall\frontend\node_modules\parse5\dist\index.js using require().
Support for loading ES Module in require() is an experimental feature and might change at any time
(Use `node --trace-warnings ...` to show where the warning was created)
 [31mÔØ»[39m src/pages/Localization.test.tsx [2m([22m[2m18 tests[22m[2m | [22m[31m18 failed[39m[2m)[22m[32m 71[2mms[22m[39m
[31m   [31m├ù[31m Localization Page[2m > [22mrenders Localization page with title[39m[32m 29[2mms[22m[39m
[31m     ÔåÆ Cannot read properties of undefined (reading 'toFixed')[39m
[31m   [31m├ù[31m Localization Page[2m > [22mdisplays breadcrumb navigation[39m[32m 3[2mms[22m[39m
[31m     ÔåÆ Cannot read properties of undefined (reading 'toFixed')[39m
[31m   [31m├ù[31m Localization Page[2m > [22mdisplays refresh button[39m[32m 3[2mms[22m[39m
[31m     ÔåÆ Cannot read properties of undefined (reading 'toFixed')[39m
[31m   [31m├ù[31m Localization Page[2m > [22mhandles refresh button click[39m[32m 2[2mms[22m[39m
[31m     ÔåÆ Cannot read properties of undefined (reading 'toFixed')[39m
[31m   [31m├ù[31m Localization Page[2m > [22mdisplays localization results[39m[32m 4[2mms[22m[39m
[31m     ÔåÆ Cannot read properties of undefined (reading 'toFixed')[39m
[31m   [31m├ù[31m Localization Page[2m > [22mdisplays accuracy metric[39m[32m 2[2mms[22m[39m
[31m     ÔåÆ Cannot read properties of undefined (reading 'toFixed')[39m
[31m   [31m├ù[31m Localization Page[2m > [22mdisplays WebSDR status information[39m[32m 2[2mms[22m[39m
[31m     ÔåÆ Cannot read properties of undefined (reading 'toFixed')[39m
[31m   [31m├ù[31m Localization Page[2m > [22mdisplays uncertainty information[39m[32m 2[2mms[22m[39m
[31m     ÔåÆ Cannot read properties of undefined (reading 'toFixed')[39m
[31m   [31m├ù[31m Localization Page[2m > [22mdisplays signal quality information[39m[32m 3[2mms[22m[39m
[31m     ÔåÆ Cannot read properties of undefined (reading 'toFixed')[39m
[31m   [31m├ù[31m Localization Page[2m > [22mrenders map container[39m[32m 2[2mms[22m[39m
[31m     ÔåÆ Cannot read properties of undefined (reading 'toFixed')[39m
[31m   [31m├ù[31m Localization Page[2m > [22mdisplays results list[39m[32m 3[2mms[22m[39m
[31m     ÔåÆ Cannot read properties of undefined (reading 'toFixed')[39m
[31m   [31m├ù[31m Localization Page[2m > [22mhandles result selection[39m[32m 3[2mms[22m[39m
[31m     ÔåÆ Cannot read properties of undefined (reading 'toFixed')[39m
[31m   [31m├ù[31m Localization Page[2m > [22mdisplays confidence level[39m[32m 2[2mms[22m[39m
[31m     ÔåÆ Cannot read properties of undefined (reading 'toFixed')[39m
[31m   [31m├ù[31m Localization Page[2m > [22mshows active receivers count[39m[32m 2[2mms[22m[39m
[31m     ÔåÆ Cannot read properties of undefined (reading 'toFixed')[39m
[31m   [31m├ù[31m Localization Page[2m > [22mdisplays timestamp information[39m[32m 2[2mms[22m[39m
[31m     ÔåÆ Cannot read properties of undefined (reading 'toFixed')[39m
[31m   [31m├ù[31m Localization Page[2m > [22mrenders without crashing[39m[32m 2[2mms[22m[39m
[31m     ÔåÆ Cannot read properties of undefined (reading 'toFixed')[39m
[31m   [31m├ù[31m Localization Page[2m > [22mdisplays page header correctly[39m[32m 2[2mms[22m[39m
[31m     ÔåÆ Cannot read properties of undefined (reading 'toFixed')[39m
[31m   [31m├ù[31m Localization Page[2m > [22mshows page structure[39m[32m 2[2mms[22m[39m
[31m     ÔåÆ Cannot read properties of undefined (reading 'toFixed')[39m

[31mÔÄ»ÔÄ»ÔÄ»ÔÄ»ÔÄ»ÔÄ»[39m[1m[41m Failed Tests 18 [49m[22m[31mÔÄ»ÔÄ»ÔÄ»ÔÄ»ÔÄ»ÔÄ»ÔÄ»[39m

[41m[1m FAIL [22m[49m src/pages/Localization.test.tsx[2m > [22mLocalization Page[2m > [22mrenders Localization page with title
[41m[1m FAIL [22m[49m src/pages/Localization.test.tsx[2m > [22mLocalization Page[2m > [22mdisplays breadcrumb navigation
[41m[1m FAIL [22m[49m src/pages/Localization.test.tsx[2m > [22mLocalization Page[2m > [22mdisplays refresh button
[41m[1m FAIL [22m[49m src/pages/Localization.test.tsx[2m > [22mLocalization Page[2m > [22mhandles refresh button click
[41m[1m FAIL [22m[49m src/pages/Localization.test.tsx[2m > [22mLocalization Page[2m > [22mdisplays localization results
[41m[1m FAIL [22m[49m src/pages/Localization.test.tsx[2m > [22mLocalization Page[2m > [22mdisplays accuracy metric
[41m[1m FAIL [22m[49m src/pages/Localization.test.tsx[2m > [22mLocalization Page[2m > [22mdisplays WebSDR status information
[41m[1m FAIL [22m[49m src/pages/Localization.test.tsx[2m > [22mLocalization Page[2m > [22mdisplays uncertainty information
[41m[1m FAIL [22m[49m src/pages/Localization.test.tsx[2m > [22mLocalization Page[2m > [22mdisplays signal quality information
[41m[1m FAIL [22m[49m src/pages/Localization.test.tsx[2m > [22mLocalization Page[2m > [22mrenders map container
[41m[1m FAIL [22m[49m src/pages/Localization.test.tsx[2m > [22mLocalization Page[2m > [22mdisplays results list
[41m[1m FAIL [22m[49m src/pages/Localization.test.tsx[2m > [22mLocalization Page[2m > [22mhandles result selection
[41m[1m FAIL [22m[49m src/pages/Localization.test.tsx[2m > [22mLocalization Page[2m > [22mdisplays confidence level
[41m[1m FAIL [22m[49m src/pages/Localization.test.tsx[2m > [22mLocalization Page[2m > [22mshows active receivers count
[41m[1m FAIL [22m[49m src/pages/Localization.test.tsx[2m > [22mLocalization Page[2m > [22mdisplays timestamp information
[41m[1m FAIL [22m[49m src/pages/Localization.test.tsx[2m > [22mLocalization Page[2m > [22mrenders without crashing
[41m[1m FAIL [22m[49m src/pages/Localization.test.tsx[2m > [22mLocalization Page[2m > [22mdisplays page header correctly
[41m[1m FAIL [22m[49m src/pages/Localization.test.tsx[2m > [22mLocalization Page[2m > [22mshows page structure
[31m[1mTypeError[22m: Cannot read properties of undefined (reading 'toFixed')[39m
[36m [2mÔØ»[22m src/pages/Localization.tsx:[2m240:93[22m[39m
    [90m238| [39m                                                    [33m<[39m[33m/[39m[33mh6[39m[33m>[39m
    [90m239| [39m                                                    <p className="f-12ÔÇª
    [90m240| [39m                                                        Uncertainty: ┬▒ÔÇª
    [90m   | [39m                                                                                            [31m^[39m
    [90m241| [39m                                                    [33m<[39m[33m/[39m[33mp[39m[33m>[39m
    [90m242| [39m                                                [33m<[39m[33m/[39m[33mdiv[39m[33m>[39m
[90m [2mÔØ»[22m Localization src/pages/Localization.tsx:[2m219:58[22m[39m
[90m [2mÔØ»[22m Object.react_stack_bottom_frame node_modules/react-dom/cjs/react-dom-client.development.js:[2m25904:20[22m[39m
[90m [2mÔØ»[22m renderWithHooks node_modules/react-dom/cjs/react-dom-client.development.js:[2m7662:22[22m[39m
[90m [2mÔØ»[22m updateFunctionComponent node_modules/react-dom/cjs/react-dom-client.development.js:[2m10166:19[22m[39m
[90m [2mÔØ»[22m beginWork node_modules/react-dom/cjs/react-dom-client.development.js:[2m11778:18[22m[39m
[90m [2mÔØ»[22m runWithFiberInDEV node_modules/react-dom/cjs/react-dom-client.development.js:[2m874:13[22m[39m
[90m [2mÔØ»[22m performUnitOfWork node_modules/react-dom/cjs/react-dom-client.development.js:[2m17641:22[22m[39m
[90m [2mÔØ»[22m workLoopSync node_modules/react-dom/cjs/react-dom-client.development.js:[2m17469:41[22m[39m

[31m[2mÔÄ»ÔÄ»ÔÄ»ÔÄ»ÔÄ»ÔÄ»ÔÄ»ÔÄ»ÔÄ»ÔÄ»ÔÄ»ÔÄ»ÔÄ»ÔÄ»ÔÄ»ÔÄ»ÔÄ»ÔÄ»ÔÄ»ÔÄ»ÔÄ»ÔÄ»ÔÄ»[1/18]ÔÄ»[22m[39m


[2m Test Files [22m [1m[31m1 failed[39m[22m[90m (1)[39m
[2m      Tests [22m [1m[31m18 failed[39m[22m[90m (18)[39m
[2m   Start at [22m 01:33:55
[2m   Duration [22m 1.19s[2m (transform 63ms, setup 122ms, collect 126ms, tests 71ms, environment 589ms, prepare 115ms)[22m

ÔÇëELIFECYCLEÔÇë Test failed. See above for more details.
